
-- suspend_d 20260828
    ('600491.SH', datetime.date(2026, 8, 28), None, 'R', 'tushare', '2026-08-28T09:12:20.267920+00:00', '2026-08-28T09:12:20.267920+00:00')
    ('000711.SZ', datetime.date(2026, 8, 28), None, 'S', 'tushare', '2026-08-28T09:12:20.267920+00:00', '2026-08-28T09:12:20.267920+00:00')

-- stk_limit 20260828
    (datetime.date(2026, 8, 28), '000001.SZ', None, 12.75, 10.43, 'tushare', '2026-08-28T09:11:53.747523+00:00', '2026-08-28T09:11:53.747523+00:00')
    (datetime.date(2026, 8, 28), '000002.SZ', None, 3.42, 2.8, 'tushare', '2026-08-28T09:11:53.747523+00:00', '2026-08-28T09:11:53.747523+00:00')

-- limit_list_d 20260805
    (datetime.date(2026, 8, 5), '000510.SZ', '化学原料', '新金路', 16.12, 10.03, 901889104, None, 9778559519.04, 10454522574.08, 9.45, 57769098.0, '94018', '103721', 1, '2/2', 2.0, 'U', 'tushare_premium', '2026-08-05T22:29:02.986768+00:00', '2026-08-05T22:29:02.986768+00:00')

-- adj_factor 20260828
    ('000001.SZ', datetime.date(2026, 8, 28), 139.008, 'tushare', '2026-08-28T01:31:10.544421+00:00', '2026-08-28T01:31:10.544421+00:00')
    ('000002.SZ', datetime.date(2026, 8, 28), 181.704, 'tushare', '2026-08-28T01:31:10.544421+00:00', '2026-08-28T01:31:10.544421+00:00')

-- income 600519.SH (ann/f_ann/end):
    ('600519.SH', '20260425', '20260425', '20260331', '1', '1', 54702912385.23, 28153831489.89)
    ('600519.SH', '20260425', '20260425', '20260331', '1', '0', 54702912385.23, 28153831489.89)
    ('600519.SH', '20260417', '20260417', '20251231', '4', '1', 172054171890.91, 85310324833.67)

-- fina_indicator 600519.SH:
    ('600519.SH', '20260425', '20260331', 21.76, 10.5687, 52.2245)
    ('600519.SH', '20260417', '20251231', 65.66, 34.462, 50.5279)
    ('600519.SH', '20251030', '20250930', 51.53, 26.3688, 52.0801)

-- stock_basic partitions:
    ['snapshot_date=2026-08-05', 'snapshot_date=2026-08-06', 'snapshot_date=2026-08-07', 'snapshot_date=2026-08-10', 'snapshot_date=2026-08-11', 'snapshot_date=2026-08-12', 'snapshot_date=2026-08-13', 'snapshot_date=2026-08-14', 'snapshot_date=2026-08-17', 'snapshot_date=2026-08-18', 'snapshot_date=2026-08-19', 'snapshot_date=2026-08-20', 'snapshot_date=2026-08-21', 'snapshot_date=2026-08-24', 'snapshot_date=2026-08-25', 'snapshot_date=2026-08-26', 'snapshot_date=2026-08-27', 'snapshot_date=2026-08-28']

-- index_weight distinct dates for 000300 recent:
    ('20260731',)
    ('20260630',)
    ('20260529',)
    ('20260430',)
    ('20260331',)
    ('20260227',)

-- index_weight monthly cadence check (2026):
    ('20260130', 300)
    ('20260227', 300)
    ('20260331', 300)
    ('20260430', 300)
    ('20260529', 300)
    ('20260630', 300)
    ('20260731', 300)

-- stock_st types:
    ('ST', '风险警示板', 337687)

-- namechange sample:
    ('603468.SH', '津富士达', '20260806', None, '20260806', '其他', 'tushare', '2026-08-06T06:31:58.533565+00:00', '2026-08-06T06:31:58.533565+00:00')
    ('920038.BJ', '森合高科', '20260805', None, '20260805', '其他', 'tushare', '2026-08-05T08:39:05.528286+00:00', None)
